
[TestNewTextField - 1]
<div><label for="name-field">Hello</label><input id="name-field" name="name" type="text"/><div id="name-field-error"/></div>
---

[TestTextFieldAttr - 1]
<div><label for="name-field">Hello</label><input hx-post="/url" id="name-field" name="name" type="text"/><div id="name-field-error"/></div>
---

[TestTextFieldValue - 1]
<div><label for="name-field">Hello</label><input id="name-field" name="name" type="text" value="hello"/><div id="name-field-error"/></div>
---

[TestTextFieldTarget - 1]
<div><label for="name-field">Hello</label><input hx-target="hello" id="name-field" name="name" type="text"/><div id="name-field-error"/></div>
---

[TestTextFieldSwap - 1]
<div><label for="name-field">Hello</label><input hx-swap="hello" id="name-field" name="name" type="text"/><div id="name-field-error"/></div>
---

[TestTextFieldType - 1]
<div><label for="name-field">Hello</label><input id="name-field" name="name" type="email"/><div id="name-field-error"/></div>
---

[TestTextFieldLabel - 1]
<div><label for="name-field">hello</label><input id="name-field" name="name" type="text"/><div id="name-field-error"/></div>
---

[TestTextFieldName - 1]
<div><label for="name-field">Hello</label><input id="name-field" name="name" type="text"/><div id="name-field-error"/></div>
---

[TestTextFieldNameExistingId - 1]
<div><label for="sup">Hello</label><input id="sup" name="name" type="text"/><div id="sup-error"/></div>
---

[TestTextFieldId - 1]
<div><label for="name">Hello</label><input id="name" name="name" type="text"/><div id="name-error"/></div>
---

[TestTextFieldElementAndRender - 1]
<div><label for="name-field">Hello</label><input id="name-field" name="name" type="text"/><div id="name-field-error"/></div>
---

[TestTextFieldLabelClass - 1]
<div><label for="name-field" class="hello">Hello</label><input id="name-field" name="name" type="text"/><div id="name-field-error"/></div>
---

[TestTextFieldRequired - 1]
<div><label for="name-field">Hello</label><input id="name-field" name="name" onblur="doFieldValidation(event)" required="required" type="text"/><div id="name-field-error"/></div>
---

[TestTextFieldCurrency - 1]
<div><label for="name-field">Hello</label><input currency="true" id="name-field" name="name" onblur="doFieldValidation(event)" type="text"/><div id="name-field-error"/></div>
---

[TestTextFieldEmail - 1]
<div><label for="name-field">Hello</label><input email="true" id="name-field" name="name" onblur="doFieldValidation(event)" type="text"/><div id="name-field-error"/></div>
---

[TestTextFieldPassword - 1]
<div><label for="name-field">Hello</label><input id="name-field" name="name" type="password"/><div id="name-field-error"/></div>
---

[TestTextFieldError - 1]
<div><label for="name-field">Hello</label><input id="name-field" name="name" type="text"/><div id="name-field-error">hello</div></div>
---

[TestTextFieldPost - 1]
<div><label for="name-field">Hello</label><input hx-post="/url" id="name-field" name="name" type="text"/><div id="name-field-error"/></div>
---

[TestTextFieldGet - 1]
<div><label for="name-field">Hello</label><input hx-get="/url" id="name-field" name="name" type="text"/><div id="name-field-error"/></div>
---

[TestTextFieldPut - 1]
<div><label for="name-field">Hello</label><input hx-put="/url" id="name-field" name="name" type="text"/><div id="name-field-error"/></div>
---

[TestTextFieldPatch - 1]
<div><label for="name-field">Hello</label><input hx-patch="/url" id="name-field" name="name" type="text"/><div id="name-field-error"/></div>
---

[TestTextFieldDelete - 1]
<div><label for="name-field">Hello</label><input hx-delete="/url" id="name-field" name="name" type="text"/><div id="name-field-error"/></div>
---
